// Jest Snapshot v1, https://goo.gl/fbAQLP

exports[`availableTargets returns all available targets 1`] = `
Array [
  Object {
    "clients": Array [
      Object {
        "description": "Simple REST and HTTP API Client for C",
        "key": "libcurl",
        "link": "http://curl.haxx.se/libcurl",
        "title": "Libcurl",
      },
    ],
    "default": "libcurl",
    "extname": ".c",
    "key": "c",
    "title": "C",
  },
  Object {
    "clients": Array [
      Object {
        "description": "An idiomatic clojure http client wrapping the apache client.",
        "key": "clj_http",
        "link": "https://github.com/dakrone/clj-http",
        "title": "clj-http",
      },
    ],
    "default": "clj_http",
    "extname": ".clj",
    "key": "clojure",
    "title": "Clojure",
  },
  Object {
    "clients": Array [
      Object {
        "description": ".NET Standard HTTP Client",
        "key": "httpclient",
        "link": "https://docs.microsoft.com/en-us/dotnet/api/system.net.http.httpclient",
        "title": "HttpClient",
      },
      Object {
        "description": "Simple REST and HTTP API Client for .NET",
        "key": "restsharp",
        "link": "http://restsharp.org/",
        "title": "RestSharp",
      },
    ],
    "default": "restsharp",
    "extname": ".cs",
    "key": "csharp",
    "title": "C#",
  },
  Object {
    "clients": Array [
      Object {
        "description": "Golang HTTP client request",
        "key": "native",
        "link": "http://golang.org/pkg/net/http/#NewRequest",
        "title": "NewRequest",
      },
    ],
    "default": "native",
    "extname": ".go",
    "key": "go",
    "title": "Go",
  },
  Object {
    "clients": Array [
      Object {
        "description": "HTTP/1.1 request string in accordance with RFC 7230",
        "key": "http1.1",
        "link": "https://tools.ietf.org/html/rfc7230",
        "title": "HTTP/1.1",
      },
    ],
    "default": "1.1",
    "extname": null,
    "key": "http",
    "title": "HTTP",
  },
]
`;
